{
    "output_extn_coeff": {
        "1": {
            "fasta": "AEYVFP",
            "e205": 28580,
            "e214": 18018,
            "e280": 1490,
            "mol_name": "none"
        }
    },
    "output_pI_fasta": {},
    "output_pIChemiSt": {
        "1": {
            "mol_name": "none",
            "pI": {
                "IPC2_peptide": 3.75,
                "IPC_peptide": 3.34375,
                "ProMoST": 4.125,
                "Gauci": 4.59375,
                "Grimsley": 3.75,
                "Thurlkill": 3.96875,
                "Lehninger": 3.3125,
                "Toseland": 3.75,
                "pI mean": 3.82421875,
                "std": 1.101257714927573,
                "err": 0.38935339902964433
            },
            "QpH7": {
                "IPC2_peptide": -1.2370959572269449,
                "IPC_peptide": -1.0081017452801901,
                "ProMoST": -1.7348917509283845,
                "Gauci": -1.4418394775037946,
                "Grimsley": -1.3344079319254931,
                "Thurlkill": -1.2034840355851257,
                "Lehninger": -1.006891883523512,
                "Toseland": -1.0519819163952528,
                "Q at pH7.4 mean": -1.2523368372960872,
                "std": 0.6619374142499742,
                "err": 0.23403021716862277
            },
            "pI_interval": [
                3.5749999999999993,
                4.062499999999998
            ],
            "pI_interval_threshold": 0.2,
            "plot_filename": "temp_1.png",
            "pKa_set": "IPC2_peptide",
            "base_pkas_fasta": {
                "IPC2_peptide": [
                    [
                        7.947,
                        "F_N-term"
                    ]
                ],
                "IPC_peptide": [
                    [
                        9.564,
                        "F_N-term"
                    ]
                ],
                "ProMoST": [
                    [
                        6.96,
                        "F_N-term"
                    ]
                ],
                "Gauci": [
                    [
                        7.5,
                        "F_N-term"
                    ]
                ],
                "Grimsley": [
                    [
                        7.7,
                        "F_N-term"
                    ]
                ],
                "Thurlkill": [
                    [
                        8,
                        "F_N-term"
                    ]
                ],
                "Lehninger": [
                    [
                        9.69,
                        "F_N-term"
                    ]
                ],
                "Toseland": [
                    [
                        8.71,
                        "F_N-term"
                    ]
                ]
            },
            "acid_pkas_fasta": {
                "IPC2_peptide": [
                    [
                        4.507,
                        "E"
                    ],
                    [
                        2.977,
                        "E_C-term"
                    ],
                    [
                        9.153,
                        "Y"
                    ]
                ],
                "IPC_peptide": [
                    [
                        4.317,
                        "E"
                    ],
                    [
                        2.383,
                        "E_C-term"
                    ],
                    [
                        10.071,
                        "Y"
                    ]
                ],
                "ProMoST": [
                    [
                        4.75,
                        "E"
                    ],
                    [
                        3.5,
                        "E_C-term"
                    ],
                    [
                        9.84,
                        "Y"
                    ]
                ],
                "Gauci": [
                    [
                        4.45,
                        "E"
                    ],
                    [
                        4.75,
                        "E_C-term"
                    ],
                    [
                        10,
                        "Y"
                    ]
                ],
                "Grimsley": [
                    [
                        4.2,
                        "E"
                    ],
                    [
                        3.3,
                        "E_C-term"
                    ],
                    [
                        10.3,
                        "Y"
                    ]
                ],
                "Thurlkill": [
                    [
                        4.25,
                        "E"
                    ],
                    [
                        3.67,
                        "E_C-term"
                    ],
                    [
                        9.84,
                        "Y"
                    ]
                ],
                "Lehninger": [
                    [
                        4.25,
                        "E"
                    ],
                    [
                        2.34,
                        "E_C-term"
                    ],
                    [
                        10,
                        "Y"
                    ]
                ],
                "Toseland": [
                    [
                        4.29,
                        "E"
                    ],
                    [
                        3.19,
                        "E_C-term"
                    ],
                    [
                        9.61,
                        "Y"
                    ]
                ]
            },
            "base_pkas_calc": [],
            "acid_pkas_calc": [],
            "constant_Qs_calc": [],
            "frag_base_pkas_fasta": {
                "1": {
                    "type": "base",
                    "frag": "F_N-term",
                    "count": 1,
                    "pka": 8.303428571428572
                }
            },
            "frag_acid_pkas_fasta": {
                "1": {
                    "type": "acid",
                    "frag": "E",
                    "count": 1,
                    "pka": 4.358142857142857
                },
                "2": {
                    "type": "acid",
                    "frag": "E_C-term",
                    "count": 1,
                    "pka": 3.304714285714286
                },
                "3": {
                    "type": "acid",
                    "frag": "Y",
                    "count": 1,
                    "pka": 9.951571428571429
                }
            },
            "frag_base_pkas_calc": {},
            "frag_acid_pkas_calc": {},
            "frag_Qs_calc": {}
        }
    }
}
