{"EMBOSS": {"acidic": {"D": [3.9, 3.9, 3.9], "E": [4.1, 4.1, 4.1], "C": [8.5, 8.5, 8.5], "Y": [10.1, 10.1, 10.1]}, "basic": {"K": [10.8, 10.8, 10.8], "R": [12.5, 12.5, 12.5], "H": [6.5, 6.5, 6.5]}, "terminus_ionizable": {"G": [8.6, 3.6], "A": [8.6, 3.6], "S": [8.6, 3.6], "P": [8.6, 3.6], "V": [8.6, 3.6], "T": [8.6, 3.6], "C": [8.6, 3.6], "I": [8.6, 3.6], "L": [8.6, 3.6], "N": [8.6, 3.6], "D": [8.6, 3.6], "Q": [8.6, 3.6], "K": [8.6, 3.6], "E": [8.6, 3.6], "M": [8.6, 3.6], "H": [8.6, 3.6], "F": [8.6, 3.6], "R": [8.6, 3.6], "Y": [8.6, 3.6], "W": [8.6, 3.6], "X": [8.6, 3.6], "Z": [8.6, 3.6], "B": [8.6, 3.6], "U": [8.6, 3.6]}}, "IPC2_peptide": {"acidic": {"D": [3.969, 3.969, 3.969], "E": [4.507, 4.507, 4.507], "C": [9.439, 9.439, 9.439], "Y": [9.153, 9.153, 9.153]}, "basic": {"K": [8.165, 8.165, 8.165], "R": [11.493, 11.493, 11.493], "H": [6.439, 6.439, 6.439]}, "terminus_ionizable": {"G": [7.947, 2.977], "A": [7.947, 2.977], "S": [7.947, 2.977], "P": [7.947, 2.977], "V": [7.947, 2.977], "T": [7.947, 2.977], "C": [7.947, 2.977], "I": [7.947, 2.977], "L": [7.947, 2.977], "N": [7.947, 2.977], "D": [7.947, 2.977], "Q": [7.947, 2.977], "K": [7.947, 2.977], "E": [7.947, 2.977], "M": [7.947, 2.977], "H": [7.947, 2.977], "F": [7.947, 2.977], "R": [7.947, 2.977], "Y": [7.947, 2.977], "W": [7.947, 2.977], "X": [7.947, 2.977], "Z": [7.947, 2.977], "B": [7.947, 2.977], "U": [7.947, 2.977]}}, "IPC_peptide": {"acidic": {"D": [3.887, 3.887, 3.887], "E": [4.317, 4.317, 4.317], "C": [8.297, 8.297, 8.297], "Y": [10.071, 10.071, 10.071]}, "basic": {"K": [10.517, 10.517, 10.517], "R": [12.503, 12.503, 12.503], "H": [6.018, 6.018, 6.018]}, "terminus_ionizable": {"G": [9.564, 2.383], "A": [9.564, 2.383], "S": [9.564, 2.383], "P": [9.564, 2.383], "V": [9.564, 2.383], "T": [9.564, 2.383], "C": [9.564, 2.383], "I": [9.564, 2.383], "L": [9.564, 2.383], "N": [9.564, 2.383], "D": [9.564, 2.383], "Q": [9.564, 2.383], "K": [9.564, 2.383], "E": [9.564, 2.383], "M": [9.564, 2.383], "H": [9.564, 2.383], "F": [9.564, 2.383], "R": [9.564, 2.383], "Y": [9.564, 2.383], "W": [9.564, 2.383], "X": [9.564, 2.383], "Z": [9.564, 2.383], "B": [9.564, 2.383], "U": [9.564, 2.383]}}, "DTASelect": {"acidic": {"D": [4.4, 4.4, 4.4], "E": [4.4, 4.4, 4.4], "C": [8.5, 8.5, 8.5], "Y": [10.0, 10.0, 10.0]}, "basic": {"K": [10.0, 10.0, 10.0], "R": [12.0, 12.0, 12.0], "H": [6.5, 6.5, 6.5]}, "terminus_ionizable": {"G": [8.0, 3.1], "A": [8.0, 3.1], "S": [8.0, 3.1], "P": [8.0, 3.1], "V": [8.0, 3.1], "T": [8.0, 3.1], "C": [8.0, 3.1], "I": [8.0, 3.1], "L": [8.0, 3.1], "N": [8.0, 3.1], "D": [8.0, 3.1], "Q": [8.0, 3.1], "K": [8.0, 3.1], "E": [8.0, 3.1], "M": [8.0, 3.1], "H": [8.0, 3.1], "F": [8.0, 3.1], "R": [8.0, 3.1], "Y": [8.0, 3.1], "W": [8.0, 3.1], "X": [8.0, 3.1], "Z": [8.0, 3.1], "B": [8.0, 3.1], "U": [8.0, 3.1]}}, "Bjellqvist": {"acidic": {"D": [4.05, 4.05, 4.05], "E": [4.45, 4.45, 4.45], "C": [9.0, 9.0, 9.0], "Y": [10.0, 10.0, 10.0]}, "basic": {"K": [10.0, 10.0, 10.0], "R": [12.0, 12.0, 12.0], "H": [5.98, 5.98, 5.98]}, "terminus_ionizable": {"G": [7.5, 3.55], "A": [7.5, 3.55], "S": [7.5, 3.55], "P": [7.5, 3.55], "V": [7.5, 3.55], "T": [7.5, 3.55], "C": [7.5, 3.55], "I": [7.5, 3.55], "L": [7.5, 3.55], "N": [7.5, 3.55], "D": [7.5, 3.55], "Q": [7.5, 3.55], "K": [7.5, 3.55], "E": [7.5, 3.55], "M": [7.5, 3.55], "H": [7.5, 3.55], "F": [7.5, 3.55], "R": [7.5, 3.55], "Y": [7.5, 3.55], "W": [7.5, 3.55], "X": [7.5, 3.55], "Z": [7.5, 3.55], "B": [7.5, 3.55], "U": [7.5, 3.55]}}, "Solomon": {"acidic": {"D": [3.9, 3.9, 3.9], "E": [4.3, 4.3, 4.3], "C": [8.3, 8.3, 8.3], "Y": [10.1, 10.1, 10.1]}, "basic": {"K": [10.5, 10.5, 10.5], "R": [12.5, 12.5, 12.5], "H": [6.0, 6.0, 6.0]}, "terminus_ionizable": {"G": [9.6, 2.4], "A": [9.6, 2.4], "S": [9.6, 2.4], "P": [9.6, 2.4], "V": [9.6, 2.4], "T": [9.6, 2.4], "C": [9.6, 2.4], "I": [9.6, 2.4], "L": [9.6, 2.4], "N": [9.6, 2.4], "D": [9.6, 2.4], "Q": [9.6, 2.4], "K": [9.6, 2.4], "E": [9.6, 2.4], "M": [9.6, 2.4], "H": [9.6, 2.4], "F": [9.6, 2.4], "R": [9.6, 2.4], "Y": [9.6, 2.4], "W": [9.6, 2.4], "X": [9.6, 2.4], "Z": [9.6, 2.4], "B": [9.6, 2.4], "U": [9.6, 2.4]}}, "Sillero": {"acidic": {"D": [4.0, 4.0, 4.0], "E": [4.5, 4.5, 4.5], "C": [9.0, 9.0, 9.0], "Y": [10.0, 10.0, 10.0]}, "basic": {"K": [10.4, 10.4, 10.4], "R": [12.0, 12.0, 12.0], "H": [6.4, 6.4, 6.4]}, "terminus_ionizable": {"G": [8.2, 3.2], "A": [8.2, 3.2], "S": [8.2, 3.2], "P": [8.2, 3.2], "V": [8.2, 3.2], "T": [8.2, 3.2], "C": [8.2, 3.2], "I": [8.2, 3.2], "L": [8.2, 3.2], "N": [8.2, 3.2], "D": [8.2, 3.2], "Q": [8.2, 3.2], "K": [8.2, 3.2], "E": [8.2, 3.2], "M": [8.2, 3.2], "H": [8.2, 3.2], "F": [8.2, 3.2], "R": [8.2, 3.2], "Y": [8.2, 3.2], "W": [8.2, 3.2], "X": [8.2, 3.2], "Z": [8.2, 3.2], "B": [8.2, 3.2], "U": [8.2, 3.2]}}, "Rodwell": {"acidic": {"D": [3.68, 3.68, 3.68], "E": [4.25, 4.25, 4.25], "C": [8.33, 8.33, 8.33], "Y": [10.07, 10.07, 10.07]}, "basic": {"K": [11.5, 11.5, 11.5], "R": [11.5, 11.5, 11.5], "H": [6.0, 6.0, 6.0]}, "terminus_ionizable": {"G": [8.0, 3.1], "A": [8.0, 3.1], "S": [8.0, 3.1], "P": [8.0, 3.1], "V": [8.0, 3.1], "T": [8.0, 3.1], "C": [8.0, 3.1], "I": [8.0, 3.1], "L": [8.0, 3.1], "N": [8.0, 3.1], "D": [8.0, 3.1], "Q": [8.0, 3.1], "K": [8.0, 3.1], "E": [8.0, 3.1], "M": [8.0, 3.1], "H": [8.0, 3.1], "F": [8.0, 3.1], "R": [8.0, 3.1], "Y": [8.0, 3.1], "W": [8.0, 3.1], "X": [8.0, 3.1], "Z": [8.0, 3.1], "B": [8.0, 3.1], "U": [8.0, 3.1]}}, "Lehninger": {"acidic": {"D": [3.86, 3.86, 3.86], "E": [4.25, 4.25, 4.25], "C": [8.33, 8.33, 8.33], "Y": [10.0, 10.0, 10.0]}, "basic": {"K": [10.5, 10.5, 10.5], "R": [12.4, 12.4, 12.4], "H": [6.0, 6.0, 6.0]}, "terminus_ionizable": {"G": [9.69, 2.34], "A": [9.69, 2.34], "S": [9.69, 2.34], "P": [9.69, 2.34], "V": [9.69, 2.34], "T": [9.69, 2.34], "C": [9.69, 2.34], "I": [9.69, 2.34], "L": [9.69, 2.34], "N": [9.69, 2.34], "D": [9.69, 2.34], "Q": [9.69, 2.34], "K": [9.69, 2.34], "E": [9.69, 2.34], "M": [9.69, 2.34], "H": [9.69, 2.34], "F": [9.69, 2.34], "R": [9.69, 2.34], "Y": [9.69, 2.34], "W": [9.69, 2.34], "X": [9.69, 2.34], "Z": [9.69, 2.34], "B": [9.69, 2.34], "U": [9.69, 2.34]}}, "Grimsley": {"acidic": {"D": [3.5, 3.5, 3.5], "E": [4.2, 4.2, 4.2], "C": [6.8, 6.8, 6.8], "Y": [10.3, 10.3, 10.3]}, "basic": {"K": [10.5, 10.5, 10.5], "R": [12.04, 12.04, 12.04], "H": [6.6, 6.6, 6.6]}, "terminus_ionizable": {"G": [7.7, 3.3], "A": [7.7, 3.3], "S": [7.7, 3.3], "P": [7.7, 3.3], "V": [7.7, 3.3], "T": [7.7, 3.3], "C": [7.7, 3.3], "I": [7.7, 3.3], "L": [7.7, 3.3], "N": [7.7, 3.3], "D": [7.7, 3.3], "Q": [7.7, 3.3], "K": [7.7, 3.3], "E": [7.7, 3.3], "M": [7.7, 3.3], "H": [7.7, 3.3], "F": [7.7, 3.3], "R": [7.7, 3.3], "Y": [7.7, 3.3], "W": [7.7, 3.3], "X": [7.7, 3.3], "Z": [7.7, 3.3], "B": [7.7, 3.3], "U": [7.7, 3.3]}}, "Toseland": {"acidic": {"D": [3.6, 3.6, 3.6], "E": [4.29, 4.29, 4.29], "C": [6.87, 6.87, 6.87], "Y": [9.61, 9.61, 9.61]}, "basic": {"K": [10.45, 10.45, 10.45], "R": [12.0, 12.0, 12.0], "H": [6.33, 6.33, 6.33]}, "terminus_ionizable": {"G": [8.71, 3.19], "A": [8.71, 3.19], "S": [8.71, 3.19], "P": [8.71, 3.19], "V": [8.71, 3.19], "T": [8.71, 3.19], "C": [8.71, 3.19], "I": [8.71, 3.19], "L": [8.71, 3.19], "N": [8.71, 3.19], "D": [8.71, 3.19], "Q": [8.71, 3.19], "K": [8.71, 3.19], "E": [8.71, 3.19], "M": [8.71, 3.19], "H": [8.71, 3.19], "F": [8.71, 3.19], "R": [8.71, 3.19], "Y": [8.71, 3.19], "W": [8.71, 3.19], "X": [8.71, 3.19], "Z": [8.71, 3.19], "B": [8.71, 3.19], "U": [8.71, 3.19]}}, "Thurlkill": {"acidic": {"D": [3.67, 3.67, 3.67], "E": [4.25, 4.25, 4.25], "C": [8.55, 8.55, 8.55], "Y": [9.84, 9.84, 9.84]}, "basic": {"K": [10.4, 10.4, 10.4], "R": [12.0, 12.0, 12.0], "H": [6.54, 6.54, 6.54]}, "terminus_ionizable": {"G": [8.0, 3.67], "A": [8.0, 3.67], "S": [8.0, 3.67], "P": [8.0, 3.67], "V": [8.0, 3.67], "T": [8.0, 3.67], "C": [8.0, 3.67], "I": [8.0, 3.67], "L": [8.0, 3.67], "N": [8.0, 3.67], "D": [8.0, 3.67], "Q": [8.0, 3.67], "K": [8.0, 3.67], "E": [8.0, 3.67], "M": [8.0, 3.67], "H": [8.0, 3.67], "F": [8.0, 3.67], "R": [8.0, 3.67], "Y": [8.0, 3.67], "W": [8.0, 3.67], "X": [8.0, 3.67], "Z": [8.0, 3.67], "B": [8.0, 3.67], "U": [8.0, 3.67]}}, "Nozaki": {"acidic": {"D": [4.0, 4.0, 4.0], "E": [4.4, 4.4, 4.4], "C": [9.5, 9.5, 9.5], "Y": [9.6, 9.6, 9.6]}, "basic": {"K": [10.4, 10.4, 10.4], "R": [12.0, 12.0, 12.0], "H": [6.3, 6.3, 6.3]}, "terminus_ionizable": {"G": [7.5, 3.8], "A": [7.5, 3.8], "S": [7.5, 3.8], "P": [7.5, 3.8], "V": [7.5, 3.8], "T": [7.5, 3.8], "C": [7.5, 3.8], "I": [7.5, 3.8], "L": [7.5, 3.8], "N": [7.5, 3.8], "D": [7.5, 3.8], "Q": [7.5, 3.8], "K": [7.5, 3.8], "E": [7.5, 3.8], "M": [7.5, 3.8], "H": [7.5, 3.8], "F": [7.5, 3.8], "R": [7.5, 3.8], "Y": [7.5, 3.8], "W": [7.5, 3.8], "X": [7.5, 3.8], "Z": [7.5, 3.8], "B": [7.5, 3.8], "U": [7.5, 3.8]}}, "Dawson": {"acidic": {"D": [3.9, 3.9, 3.9], "E": [4.3, 4.3, 4.3], "C": [8.3, 8.3, 8.3], "Y": [10.0, 10.0, 10.0]}, "basic": {"K": [10.5, 10.5, 10.5], "R": [12.0, 12.0, 12.0], "H": [6, 6, 6]}, "terminus_ionizable": {"G": [8.2, 3.2], "A": [8.2, 3.2], "S": [8.2, 3.2], "P": [8.2, 3.2], "V": [8.2, 3.2], "T": [8.2, 3.2], "C": [8.2, 3.2], "I": [8.2, 3.2], "L": [8.2, 3.2], "N": [8.2, 3.2], "D": [8.2, 3.2], "Q": [8.2, 3.2], "K": [8.2, 3.2], "E": [8.2, 3.2], "M": [8.2, 3.2], "H": [8.2, 3.2], "F": [8.2, 3.2], "R": [8.2, 3.2], "Y": [8.2, 3.2], "W": [8.2, 3.2], "X": [8.2, 3.2], "Z": [8.2, 3.2], "B": [8.2, 3.2], "U": [8.2, 3.2]}}, "Gauci": {"acidic": {"D": [4.05, 4.05, 4.05], "C": [9.0, 9.0, 9.0], "E": [4.45, 4.45, 4.45], "Y": [10.0, 10.0, 10.0], "U": [5.43, 5.2, 5.6]}, "basic": {"R": [12.0, 12.0, 12.0], "H": [5.98, 5.98, 5.98], "K": [10.0, 10.0, 10.0]}, "terminus_ionizable": {"A": [7.59, 3.55], "R": [7.5, 3.55], "N": [6.7, 3.55], "D": [7.5, 4.55], "C": [6.5, 3.55], "E": [7.7, 4.75], "Q": [7.5, 3.55], "G": [7.5, 3.55], "H": [7.5, 3.55], "I": [7.5, 3.55], "L": [7.5, 3.55], "K": [7.5, 3.55], "M": [7.0, 3.55], "F": [7.5, 3.55], "P": [8.3599, 3.55], "S": [6.93, 3.55], "T": [6.82, 3.55], "W": [7.5, 3.55], "Y": [7.5, 3.55], "V": [7.44, 3.55], "X": [7.376994999999999, 3.659999999999999], "Z": [7.6, 4.15], "B": [7.1, 4.05], "U": [7.376994999999999, 3.659999999999999]}}, "ProMoST": {"acidic": {"D": [4.07, 3.57, 4.57], "E": [4.45, 4.15, 4.75], "C": [8.28, 8.0, 9.0], "Y": [9.84, 9.34, 10.34], "U": [5.43, 5.2, 5.6]}, "basic": {"K": [9.8, 10.0, 10.3], "R": [12.5, 11.5, 11.5], "H": [6.08, 4.89, 6.89]}, "terminus_ionizable": {"G": [7.5, 3.7], "A": [7.58, 3.75], "S": [6.86, 3.61], "P": [8.36, 3.4], "V": [7.44, 3.69], "T": [7.02, 3.57], "C": [8.12, 3.1], "I": [7.48, 3.72], "L": [7.46, 3.73], "N": [7.22, 3.64], "D": [7.7, 3.5], "Q": [6.73, 3.57], "K": [6.67, 3.4], "E": [7.19, 3.5], "M": [6.98, 3.68], "H": [7.18, 3.17], "F": [6.96, 3.98], "R": [6.76, 3.41], "Y": [6.83, 3.6], "W": [7.11, 3.78], "X": [7.26, 3.57], "U": [7.26, 3.57], "Z": [6.96, 3.54], "B": [7.46, 3.57]}}}