[
    [
        {
            "pka": 9.3,
            "ind": 1,
            "pka_std": 0.4,
            "type": "acid",
            "smarts": "[OH1][c]1[c](-[O])[c][c][c][c]1",
            "name": "12-diOH-Phenol"
        },
        {
            "pka": 13,
            "ind": 4,
            "pka_std": 0.4,
            "type": "acid",
            "smarts": "[OH1][c]1[c](-[O])[c][c][c][c]1",
            "name": "12-diOH-Phenol"
        }
    ],
    [
        {
            "pka": 8.9,
            "ind": 1,
            "pka_std": 0.4,
            "type": "acid",
            "smarts": "[OH1][c]1[c][c](-[O])[c][c][c]1",
            "name": "13-diOH-Phenol"
        },
        {
            "pka": 11.3,
            "ind": 5,
            "pka_std": 0.5,
            "type": "acid",
            "smarts": "[OH1][c]1[c][c](-[O])[c][c][c]1",
            "name": "13-diOH-Phenol"
        }
    ],
    [
        {
            "pka": 9.6,
            "ind": 1,
            "pka_std": 0.4,
            "type": "acid",
            "smarts": "[OH1][c]1[c][c][c](-[O])[c][c]1",
            "name": "14-diOH-Phenol"
        },
        {
            "pka": 11.5,
            "ind": 6,
            "pka_std": 0.5,
            "type": "acid",
            "smarts": "[OH1][c]1[c][c][c](-[O])[c][c]1",
            "name": "14-diOH-Phenol"
        }
    ],
    [
        {
            "pka": 7.2,
            "ind": 1,
            "pka_std": 0.4,
            "type": "acid",
            "smarts": "[OH1][c]1[c](-[N](=[O])[O])[c][c][c][c]1",
            "name": "2-NO2-Phenol"
        }
    ],
    [
        {
            "pka": 8.3,
            "ind": 1,
            "pka_std": 0.4,
            "type": "acid",
            "smarts": "[OH1:1][c:2]1[$(c-[F,Cl,Br,I]):3][c:4][c:5][c:6][cH1,!$(c-[F,Cl,Br,I]):7]1",
            "name": "2-Hal-Phenol"
        }
    ],
    [
        {
            "pka": 6.6,
            "ind": 1,
            "pka_std": 0.4,
            "type": "acid",
            "smarts": "[OH1:1][c:2]1[$(c-[F,Cl,Br,I]):3][c:4][c:5][c:6][$(c-[F,Cl,Br,I]):7]1",
            "name": "2-Hal-Phenol"
        }
    ],
    [
        {
            "pka": 9.7,
            "ind": 1,
            "pka_std": 0.4,
            "type": "acid",
            "smarts": "[OH1:1][c:2]1[c:3][c:4][c:5][c:6][c:7]1",
            "name": "Phenol"
        }
    ],
    [
        {
            "pka": 3.6,
            "ind": 5,
            "pka_std": 0.4,
            "type": "base",
            "smarts": "[nH1,$(n-[#6])]1[c](-[F])[nH0][c][cH1,$(c-[#6])]1",
            "name": "2F-Imidazole"
        },
        {
            "pka": 10.9,
            "ind": 1,
            "pka_std": 0.4,
            "type": "acid",
            "smarts": "[nH1,$(n-[#6])]1[c](-[F])[nH0][c][cH1,$(c-[#6])]1",
            "name": "2F-Imidazole"
        }
    ],
    [
        {
            "pka": 3.6,
            "ind": 5,
            "pka_std": 0.4,
            "type": "base",
            "smarts": "[nH1,$(n-[#6])]1[c](-[F])[nH0][cH1,$(c-[#6])][c]1",
            "name": "2F-Imidazole"
        },
        {
            "pka": 10.9,
            "ind": 1,
            "pka_std": 0.4,
            "type": "acid",
            "smarts": "[nH1,$(n-[#6])]1[c](-[F])[nH0][cH1,$(c-[#6])][c]1",
            "name": "2F-Imidazole"
        }
    ],
    [
        {
            "pka": 6.8,
            "ind": 4,
            "pka_std": 0.6,
            "type": "base",
            "smarts": "[nH1,$(n-[#6])]1[c][nH0][c][cH1,$(c-[#6])]1",
            "name": "Imidazole"
        }
    ],
    [
        {
            "pka": 6.8,
            "ind": 4,
            "pka_std": 0.6,
            "type": "base",
            "smarts": "[nH1,$(n-[#6])]1[c][nH0][cH1,$(c-[#6])][c]1",
            "name": "Imidazole"
        }
    ],
    [
        {
            "pka": 4.9,
            "ind": 1,
            "pka_std": 0.1,
            "type": "base",
            "smarts": "[nX2:1]1[c:2][c:3][c:4][c:5][c:6]1",
            "name": "Pyridine"
        }
    ],
    [
        {
            "pka": 5.3,
            "ind": 1,
            "pka_std": 0.4,
            "type": "acid",
            "smarts": "[nH1r5:1][nH0r5:2][nH0r5:3][nH0r5:4][cH0r5:5]",
            "name": "Tetrazole"
        }
    ],
    [
        {
            "pka": 5.3,
            "ind": 1,
            "pka_std": 0.4,
            "type": "acid",
            "smarts": "[nH1r5:1][nH0r5:2][cH0r5:3][nH0r5:4][nH0r5:5]",
            "name": "Tetrazole"
        }
    ],
    [
        {
            "pka": 4.65,
            "ind": 2,
            "pka_std": 0.07,
            "type": "acid",
            "smarts": "[N+0:1]=[N+:2]=[N+0H1:3]",
            "name": "Azide"
        }
    ],
    [
        {
            "pka": -1000,
            "ind": 3,
            "pka_std": 0,
            "type": "acid",
            "smarts": "[C,c,N,n,O,o:1]-[NX3:2](=[O:3])-[OH1:4]",
            "name": "Nitro"
        }
    ],
    [
        {
            "pka": -0.8,
            "ind": 3,
            "pka_std": 0.4,
            "type": "base",
            "smarts": "[N:1]-[C:2](=[NX2:3])-[N:4]-[N:5](=[O:6])-[O:7]",
            "name": "NO2Guanidine"
        }
    ],
    [
        {
            "pka": 7.4,
            "ind": 4,
            "pka_std": 0.4,
            "type": "base",
            "smarts": "[O:1]-[N:2]-[C:3](=[NX2:4])-[N:5]",
            "name": "OGuanidine"
        }
    ],
    [
        {
            "pka": 7.4,
            "ind": 4,
            "pka_std": 0.4,
            "type": "base",
            "smarts": "[O:1]-[N:2]=[C:3](-[N:4])-[N:5]",
            "name": "OGuanidine"
        }
    ],
    [
        {
            "pka": 12.03,
            "ind": 3,
            "pka_std": 1.59,
            "type": "base",
            "smarts": "[N:1]-[C:2](-[N:3])=[NX2:4]",
            "name": "AmidineGuanidine1"
        }
    ],
    [
        {
            "pka": 10.04,
            "ind": 2,
            "pka_std": 2.13,
            "type": "base",
            "smarts": "[C:1](-[N:2])=[NX2+0:3]",
            "name": "AmidineGuanidine2"
        }
    ],
    [
        {
            "pka": -2.36,
            "ind": 5,
            "pka_std": 1.3,
            "type": "acid",
            "smarts": "[SX4:1](=[O:2])(=[O:3])([O:4]-[C,c,N,n:5])-[OX2H1:6]",
            "name": "Sulfate"
        }
    ],
    [
        {
            "pka": -1.82,
            "ind": 4,
            "pka_std": 1.41,
            "type": "acid",
            "smarts": "[SX4:1](=[O:2])(=[O:3])(-[C,c,N,n:4])-[OX2H1:5]",
            "name": "Sulfonate"
        }
    ],
    [
        {
            "pka": 1.79,
            "ind": 2,
            "pka_std": 0.44,
            "type": "acid",
            "smarts": "[SX3:1](=[O:2])-[OH1:3]",
            "name": "Sulfinic_acid"
        }
    ],
    [
        {
            "pka": 3.46,
            "ind": 3,
            "pka_std": 1.25,
            "type": "acid",
            "smarts": "[c,n,o:1]-[C:2](=[O:3])-[OH1:4]",
            "name": "Phenyl_carboxylic_acid"
        }
    ],
    [
        {
            "pka": 3.46,
            "ind": 2,
            "pka_std": 1.29,
            "type": "acid",
            "smarts": "[CX3](=O)[OX2H1]",
            "name": "Carboxylic_acid"
        }
    ],
    [
        {
            "pka": 0.68,
            "ind": 2,
            "pka_std": 1.5,
            "type": "acid",
            "smarts": "[C,c,N,n:1](=[O,S:2])-[SX2H1,OX2H1:3]",
            "name": "Thioic_acid"
        }
    ],
    [
        {
            "pka": 4.98,
            "ind": 1,
            "pka_std": 2.61,
            "type": "acid",
            "smarts": "[c,n:1]-[SX2H1:2]",
            "name": "Phenyl_Thiol"
        }
    ],
    [
        {
            "pka": 9.12,
            "ind": 1,
            "pka_std": 1.33,
            "type": "acid",
            "smarts": "[C,N:1]-[SX2H1:2]",
            "name": "Thiol"
        }
    ],
    [
        {
            "pka": 2.42,
            "ind": 2,
            "pka_std": 1.11,
            "type": "acid",
            "smarts": "[PX4:1](=[O:2])(-[OX2H1:3])(-[O+0:4])-[OX2H1:5]",
            "name": "Phosphate"
        },
        {
            "pka": 6.51,
            "ind": 5,
            "pka_std": 0.95,
            "type": "acid",
            "smarts": "[PX4:1](=[O:2])(-[OX2H1:3])(-[O+0:4])-[OX2H1:5]",
            "name": "Phosphate"
        }
    ],
    [
        {
            "pka": 0.9,
            "ind": 1,
            "pka_std": 1,
            "type": "acid",
            "smarts": "[$([PX4:1](=O)([OX2][PX4](=O)([OX2])(O[H]))([OX2][PX4](=O)(O[H])([OX2])))][OH1:2]",
            "name": "Internal_phosphate_polyphos_chain"
        }
    ],
    [
        {
            "pka": 2.42,
            "ind": 1,
            "pka_std": 1.11,
            "type": "acid",
            "smarts": "[$([PX4:1]([OX2][C,c,N,n])(=O)([OX2][PX4](=O)([OX2])(O[H])))][OH1]",
            "name": "Initial_phosphate_like_in_ATP_ADP"
        }
    ],
    [
        {
            "pka": 1.88,
            "ind": 2,
            "pka_std": 0.59,
            "type": "acid",
            "smarts": "[PX4:1](=[O:2])(-[OX2H1:3])(-[C,c,N,n:4])-[OX2H1:5]",
            "name": "Phosphonate"
        },
        {
            "pka": 7.25,
            "ind": 5,
            "pka_std": 0.85,
            "type": "acid",
            "smarts": "[PX4:1](=[O:2])(-[OX2H1:3])(-[C,c,N,n:4])-[OX2H1:5]",
            "name": "Phosphonate"
        }
    ],
    [
        {
            "pka": 8.74,
            "ind": 2,
            "pka_std": 0.76,
            "type": "acid",
            "smarts": "[O:1]([$(C=O),$(C[Cl]),$(CF),$(C[Br]),$(CC#N):2])-[OH1:3]",
            "name": "Peroxide1"
        }
    ],
    [
        {
            "pka": 11.98,
            "ind": 2,
            "pka_std": 0.87,
            "type": "acid",
            "smarts": "[C:1]-[O:2]-[OH1:3]",
            "name": "Peroxide2"
        }
    ],
    [
        {
            "pka": 3.55,
            "ind": 4,
            "pka_std": 0.8,
            "type": "acid",
            "smarts": "[O:1]=[C;R:2]-[C;R:3]=[C;R:4]-[OH1:5]",
            "name": "O=C-C=C-OH"
        }
    ],
    [
        {
            "pka": 8.87,
            "ind": 2,
            "pka_std": 1.66,
            "type": "acid",
            "smarts": "[C:1]=[C:2]-[OH1:3]",
            "name": "Vinyl_alcohol"
        }
    ],
    [
        {
            "pka": 9.3,
            "ind": 3,
            "pka_std": 1.22,
            "type": "acid",
            "smarts": "[C:1](=[O:2])-[N:3]-[OH1:4]",
            "name": "N-hydroxyamide"
        }
    ],
    [
        {
            "pka": 6.45,
            "ind": 3,
            "pka_std": 0.56,
            "type": "acid",
            "smarts": "[O,S:1]=[C;R:2]([$([#8]),$([#7]),$([#16]),$([#6][Cl]),$([#6]F),$([#6][Br]):3])-[NH1;RH1:4]([C;R:5]=[O,S:6])",
            "name": "Ringed_imide1"
        }
    ],
    [
        {
            "pka": 8.68,
            "ind": 2,
            "pka_std": 1.87,
            "type": "acid",
            "smarts": "[O,S:1]=[C;R:2]-[NH1;RH1:3]([C;R:4]=[O,S:5])",
            "name": "Ringed_imide2"
        }
    ],
    [
        {
            "pka": 2.47,
            "ind": 4,
            "pka_std": 1.48,
            "type": "acid",
            "smarts": "[F,Cl,Br,S,s,P,p:1][#6:2][CX3:3](=[O,S:4])-[NX3H1+0:5]([CX3:6]=[O,S:7])",
            "name": "Imide"
        }
    ],
    [
        {
            "pka": 10.23,
            "ind": 2,
            "pka_std": 1.12,
            "type": "acid",
            "smarts": "[O,S:1]=[CX3:2]-[NX3H1+0:3]([CX3:4]=[O,S:5])",
            "name": "Imide2"
        }
    ],
    [
        {
            "pka": 3.49,
            "ind": 2,
            "pka_std": 2.69,
            "type": "acid",
            "smarts": "[C:1](=[O:2])-[NH1:3](-[Br,Cl,I,F,S,O,N,P:4])",
            "name": "Amide_electronegative"
        }
    ],
    [
        {
            "pka": -1.1,
            "ind": 3,
            "pka_std": 0.5,
            "type": "base",
            "smarts": "[C:1](=[O:2])-[NH0:3]",
            "name": "TertiaryAmide"
        }
    ],
    [
        {
            "pka": 12.01,
            "ind": 3,
            "pka_std": 4.51,
            "type": "acid",
            "smarts": "[C:1](=[O:2])-[NH1:3]",
            "name": "Amide"
        }
    ],
    [
        {
            "pka": 7.92,
            "ind": 3,
            "pka_std": 1.98,
            "type": "acid",
            "smarts": "[SX4:1](=[O:2])(=[O:3])-[NX3H1+0:4]",
            "name": "Sulfonamide"
        }
    ],
    [
        {
            "pka": 3.9,
            "ind": 2,
            "pka_std": 2.07,
            "type": "base",
            "smarts": "[c:1]-[NX3+0H2:2]",
            "name": "Anilines_primary"
        }
    ],
    [
        {
            "pka": 4.34,
            "ind": 2,
            "pka_std": 2.18,
            "type": "base",
            "smarts": "[c:1]-[NX3+0H1:2]",
            "name": "Anilines_secondary"
        }
    ],
    [
        {
            "pka": 4.17,
            "ind": 2,
            "pka_std": 2.01,
            "type": "base",
            "smarts": "[c:1]-[NX3+0H0:2]",
            "name": "Anilines_tertiary"
        }
    ],
    [
        {
            "pka": 4.4,
            "ind": 1,
            "pka_std": 0.4,
            "type": "base",
            "smarts": "[NX3+0;H2,H1,H0;!$(NC=[!#6]);!$(NC#[!#6]);!$(N=[!#6]):1][#8:2]",
            "name": "Hydroxylamine"
        }
    ],
    [
        {
            "pka": 7.9,
            "ind": 1,
            "pka_std": 0.3,
            "type": "base",
            "smarts": "[NX3+0;$(NCC=[!#6]);!$(NC=[!#6]);!$(NC#[!#6]):1]-[#6:2]",
            "name": "Amines_aliph_epoor"
        }
    ],
    [
        {
            "pka": 10.4,
            "ind": 1,
            "pka_std": 0.4,
            "type": "base",
            "smarts": "[NX3+0;H2;!$(NC=[!#6]);!$(NC#[!#6]):1][#6:2]",
            "name": "Amines_primary"
        }
    ],
    [
        {
            "pka": 10.8,
            "ind": 1,
            "pka_std": 0.4,
            "type": "base",
            "smarts": "[NX3+0;H1;!$(NC=[!#6]);!$(NC#[!#6]):1][#6:2]",
            "name": "Amines_secondary"
        }
    ],
    [
        {
            "pka": 10,
            "ind": 1,
            "pka_std": 0.4,
            "type": "base",
            "smarts": "[NX3+0;H0;!$(NC=[!#6]);!$(NC#[!#6]):1][#6:2]",
            "name": "Amines_tertiary"
        }
    ],
    [
        {
            "pka": 2.97,
            "ind": 4,
            "pka_std": 0.69,
            "type": "acid",
            "smarts": "[PX4:1](=[O:2])(-[C,c,N,n,F,Cl,Br,I:3])(-[C,c,N,n,F,Cl,Br,I:4])-[OX2H1:5]",
            "name": "Phosphinic_acid"
        }
    ],
    [
        {
            "pka": 2.73,
            "ind": 6,
            "pka_std": 2.54,
            "type": "acid",
            "smarts": "[PX4:1](=[O:2])(-[OX2:3]-[C,c,N,n,F,Cl,Br,I:4])(-[O+0:5]-[C,c,N,n,F,Cl,Br,I:4])-[OX2H1:6]",
            "name": "Phosphate_diester"
        }
    ],
    [
        {
            "pka": 2.09,
            "ind": 5,
            "pka_std": 0.45,
            "type": "acid",
            "smarts": "[PX4:1](=[O:2])(-[OX2:3]-[C,c,N,n,F,Cl,Br,I:4])(-[C,c,N,n,F,Cl,Br,I:5])-[OX2H1:6]",
            "name": "Phosphonate_ester"
        }
    ]
]