python3 ../pIChemiSt.py -i Phe-Ornithine-aMeAsp-Lys-dAla.smi --plot_titration_curve --print_fragment_pkas --use_acdlabs 
 
======================================================================================================================================================
pI
---------------------------------
     pI mean  9.07        
         err  0.49        
         std  1.56        
 IPC_peptide  9.69        
     ProMoST  8.25        
 Gauci_calib  8.62        
  Bjellqvist  8.62        
     Rodwell  9.0         
    Grimsley  8.81        
   Thurlkill  8.94        
     Solomon  9.7         
   Lehninger  9.73        
      EMBOSS  9.28        
 
 
======================================================================================================================================================
Q at pH7.4
---------------------------------
Q at pH7.4 mean  0.75        
         err  0.23        
         std  0.73        
 IPC_peptide  0.99        
     ProMoST  0.26        
 Gauci_calib  0.55        
  Bjellqvist  0.55        
     Rodwell  0.8         
    Grimsley  0.66        
   Thurlkill  0.8         
     Solomon  0.99        
   Lehninger  0.99        
      EMBOSS  0.94        
 
 
pH interval with charge between -0.2 and  0.2 for pKa set: IPC_peptide and prediction tool: ACDlabs
 9.6 -  9.8
 
List of calculated BASE pKa's with the corresponding fragments
smiles or AA, base pka : K               10.5
smiles or AA, base pka : F_N-term         9.6
smiles or AA, base pka : CC(=O)N[C@@H](CCCN)C(C)=O 10.1
 
List of calculated ACID pKa's with the corresponding fragments
smiles or AA, acid pka : A_C-term         2.4
smiles or AA, acid pka : CC(=O)N[C@@](C)(CC(=O)O)C(C)=O  4.3
 
List of calculated DIACID pKa's with the corresponding fragments

